// Jest Snapshot v1, https://goo.gl/fbAQLP

exports[`render Header component 1`] = `
<header
  className="sc-gtsrHT cAQDTl"
>
  <div
    className="sc-bdnxRM WOKuE"
  >
    CRUD
  </div>
</header>
`;
