// Jest Snapshot v1, https://goo.gl/fbAQLP

exports[`render Logo component 1`] = `
<div
  className="sc-bdnxRM WOKuE"
>
  CRUD
</div>
`;
