// Jest Snapshot v1, https://goo.gl/fbAQLP

exports[`render StateCard component 1`] = `
<div
  className="sc-bdnxRM jYcowA"
  onClick={[Function]}
>
  <h3>
    Default
  </h3>
  <p>
    Cidades cadastradas:
  </p>
</div>
`;
