// Jest Snapshot v1, https://goo.gl/fbAQLP

exports[`render StateForm page 1`] = `
Array [
  <header
    className="sc-gtsrHT cAQDTl"
  >
    <div
      className="sc-bdnxRM WOKuE"
    >
      CRUD
    </div>
  </header>,
  <div
    className="sc-hKFxyN mGFBw"
  >
    <h2>
      Cadastrar Estado
    </h2>
    <form
      onSubmit={[Function]}
    >
      <div
        className="MuiFormControl-root MuiTextField-root"
      >
        <label
          className="MuiFormLabel-root MuiInputLabel-root MuiInputLabel-formControl MuiInputLabel-animated MuiInputLabel-outlined"
          data-shrink={false}
          htmlFor="outlined-helperText"
          id="outlined-helperText-label"
        >
          Nome da cidade
        </label>
        <div
          className="MuiInputBase-root MuiOutlinedInput-root MuiInputBase-formControl"
          onClick={[Function]}
        >
          <input
            aria-describedby="outlined-helperText-helper-text"
            aria-invalid={false}
            autoFocus={false}
            className="MuiInputBase-input MuiOutlinedInput-input"
            disabled={false}
            id="outlined-helperText"
            onAnimationStart={[Function]}
            onBlur={[Function]}
            onChange={[Function]}
            onFocus={[Function]}
            required={false}
            type="text"
          />
          <fieldset
            aria-hidden={true}
            className="PrivateNotchedOutline-root-1 MuiOutlinedInput-notchedOutline"
          >
            <legend
              className="PrivateNotchedOutline-legendLabelled-3"
            >
              <span>
                Nome da cidade
              </span>
            </legend>
          </fieldset>
        </div>
        <p
          className="MuiFormHelperText-root MuiFormHelperText-contained"
          id="outlined-helperText-helper-text"
        >
          Digite o nome da cidade
        </p>
      </div>
      <button
        className="MuiButtonBase-root MuiButton-root MuiButton-contained MuiButton-containedPrimary"
        disabled={false}
        onBlur={[Function]}
        onDragLeave={[Function]}
        onFocus={[Function]}
        onKeyDown={[Function]}
        onKeyUp={[Function]}
        onMouseDown={[Function]}
        onMouseLeave={[Function]}
        onMouseUp={[Function]}
        onTouchEnd={[Function]}
        onTouchMove={[Function]}
        onTouchStart={[Function]}
        tabIndex={0}
        type="submit"
      >
        <span
          className="MuiButton-label"
        >
          Cadastrar
        </span>
      </button>
    </form>
  </div>,
]
`;
